test
dropped string: dtor5
dropped string: dtor1
dropped string: dtor5
dropped string: dtor1
dropped string: dtor5
dropped string: dtor1
dropped string: dtor0
test
dropped string: dtor4
dropped string: dtor2
dropped string: dtor1
dropped string: dtor4
dropped string: dtor2
dropped string: dtor1
dropped string: dtor4
dropped string: dtor2
dropped string: dtor1
dropped string: dtor0
test
dropped string: dtor3
dropped string: dtor2
dropped string: dtor1
dropped string: dtor0
