Construct TestDrop 1
Construct TestDrop 2
Before drop
Drop! 2
Drop! 1
