foo's members are still alive:
dt1=1
dt2=2
Dropped: 2
Dropped: 1
