dtor0
before drop
dropped string: dtor0
after drop
